// Jest Snapshot v1, https://goo.gl/fbAQLP

exports[`MyComponent should render correctly in "debug" mode 1`] = `
<div
  className="app"
>
  <Sidebar />
  <div
    className="app__container"
  >
    <div
      className="app__header"
    >
      <Header />
    </div>
    <div
      className="app__body"
    >
      <div
        className="app__bodyLeft"
      >
        <UserShortcuts />
      </div>
    </div>
  </div>
</div>
`;
